
> typecheck:strict
> tsc --noEmit --pretty false

sample files/ref_for_bottomnav_and_card_headerhome/client/App.tsx(3,25): error TS2307: Cannot find module '@/components/ui/toaster' or its corresponding type declarations.
sample files/ref_for_bottomnav_and_card_headerhome/client/App.tsx(5,35): error TS2307: Cannot find module '@/components/ui/sonner' or its corresponding type declarations.
sample files/ref_for_bottomnav_and_card_headerhome/client/App.tsx(6,33): error TS2307: Cannot find module '@/components/ui/tooltip' or its corresponding type declarations.
sample files/ref_for_bottomnav_and_card_headerhome/client/App.tsx(8,46): error TS2307: Cannot find module 'react-router-dom' or its corresponding type declarations.
sample files/ref_for_bottomnav_and_card_headerhome/client/components/AppLayout.tsx(1,10): error TS1484: 'ReactNode' is a type and must be imported using a type-only import when 'verbatimModuleSyntax' is enabled.
sample files/ref_for_bottomnav_and_card_headerhome/client/components/BottomNav.tsx(1,35): error TS2307: Cannot find module 'react-router-dom' or its corresponding type declarations.
sample files/ref_for_bottomnav_and_card_headerhome/client/components/ui/accordion.tsx(2,37): error TS2307: Cannot find module '@radix-ui/react-accordion' or its corresponding type declarations.
sample files/ref_for_bottomnav_and_card_headerhome/client/components/ui/aspect-ratio.tsx(1,39): error TS2307: Cannot find module '@radix-ui/react-aspect-ratio' or its corresponding type declarations.
sample files/ref_for_bottomnav_and_card_headerhome/client/components/ui/carousel.tsx(4,8): error TS2307: Cannot find module 'embla-carousel-react' or its corresponding type declarations.
sample files/ref_for_bottomnav_and_card_headerhome/client/components/ui/chart.tsx(117,7): error TS2339: Property 'payload' does not exist on type 'Omit<Omit<Props<ValueType, NameType>, PropertiesReadFromContext> & { active?: boolean | undefined; includeHidden?: boolean | undefined; ... 17 more ...; axisId?: AxisId | undefined; } & ClassAttributes<...> & HTMLAttributes<...> & { ...; }, "ref">'.
sample files/ref_for_bottomnav_and_card_headerhome/client/components/ui/chart.tsx(122,7): error TS2339: Property 'label' does not exist on type 'Omit<Omit<Props<ValueType, NameType>, PropertiesReadFromContext> & { active?: boolean | undefined; includeHidden?: boolean | undefined; ... 17 more ...; axisId?: AxisId | undefined; } & ClassAttributes<...> & HTMLAttributes<...> & { ...; }, "ref">'.
sample files/ref_for_bottomnav_and_card_headerhome/client/components/ui/chart.tsx(186,25): error TS7006: Parameter 'item' implicitly has an 'any' type.
sample files/ref_for_bottomnav_and_card_headerhome/client/components/ui/chart.tsx(186,31): error TS7006: Parameter 'index' implicitly has an 'any' type.
sample files/ref_for_bottomnav_and_card_headerhome/client/components/ui/chart.tsx(262,41): error TS2344: Type '"payload" | "verticalAlign"' does not satisfy the constraint '"string" | "style" | "target" | "mode" | "name" | "id" | "orientation" | "display" | "lang" | "transform" | "filter" | "fill" | "values" | "method" | "type" | "key" | "operator" | ... 429 more ... | "onBBoxUpdate"'.
  Type '"payload"' is not assignable to type '"string" | "style" | "target" | "mode" | "name" | "id" | "orientation" | "display" | "lang" | "transform" | "filter" | "fill" | "values" | "method" | "type" | "key" | "operator" | ... 429 more ... | "onBBoxUpdate"'.
sample files/ref_for_bottomnav_and_card_headerhome/client/components/ui/chart.tsx(273,19): error TS2339: Property 'length' does not exist on type '{}'.
sample files/ref_for_bottomnav_and_card_headerhome/client/components/ui/chart.tsx(286,18): error TS2339: Property 'map' does not exist on type '{}'.
sample files/ref_for_bottomnav_and_card_headerhome/client/components/ui/chart.tsx(286,23): error TS7006: Parameter 'item' implicitly has an 'any' type.
sample files/ref_for_bottomnav_and_card_headerhome/client/components/ui/collapsible.tsx(1,39): error TS2307: Cannot find module '@radix-ui/react-collapsible' or its corresponding type declarations.
sample files/ref_for_bottomnav_and_card_headerhome/client/components/ui/context-menu.tsx(2,39): error TS2307: Cannot find module '@radix-ui/react-context-menu' or its corresponding type declarations.
sample files/ref_for_bottomnav_and_card_headerhome/client/components/ui/drawer.tsx(2,43): error TS2307: Cannot find module 'vaul' or its corresponding type declarations.
sample files/ref_for_bottomnav_and_card_headerhome/client/components/ui/form.tsx(6,3): error TS1484: 'ControllerProps' is a type and must be imported using a type-only import when 'verbatimModuleSyntax' is enabled.
sample files/ref_for_bottomnav_and_card_headerhome/client/components/ui/form.tsx(7,3): error TS1484: 'FieldPath' is a type and must be imported using a type-only import when 'verbatimModuleSyntax' is enabled.
sample files/ref_for_bottomnav_and_card_headerhome/client/components/ui/form.tsx(8,3): error TS1484: 'FieldValues' is a type and must be imported using a type-only import when 'verbatimModuleSyntax' is enabled.
sample files/ref_for_bottomnav_and_card_headerhome/client/components/ui/form.tsx(14,23): error TS2307: Cannot find module '@/components/ui/label' or its corresponding type declarations.
sample files/ref_for_bottomnav_and_card_headerhome/client/components/ui/hover-card.tsx(2,37): error TS2307: Cannot find module '@radix-ui/react-hover-card' or its corresponding type declarations.
sample files/ref_for_bottomnav_and_card_headerhome/client/components/ui/input-otp.tsx(2,43): error TS2307: Cannot find module 'input-otp' or its corresponding type declarations.
sample files/ref_for_bottomnav_and_card_headerhome/client/components/ui/input-otp.tsx(36,44): error TS18046: 'inputOTPContext' is of type 'unknown'.
sample files/ref_for_bottomnav_and_card_headerhome/client/components/ui/menubar.tsx(2,35): error TS2307: Cannot find module '@radix-ui/react-menubar' or its corresponding type declarations.
sample files/ref_for_bottomnav_and_card_headerhome/client/components/ui/navigation-menu.tsx(2,42): error TS2307: Cannot find module '@radix-ui/react-navigation-menu' or its corresponding type declarations.
sample files/ref_for_bottomnav_and_card_headerhome/client/components/ui/pagination.tsx(5,10): error TS2305: Module '"@/components/ui/button"' has no exported member 'ButtonProps'.
sample files/ref_for_bottomnav_and_card_headerhome/client/components/ui/pagination.tsx(68,5): error TS2783: 'size' is specified more than once, so this usage will be overwritten.
sample files/ref_for_bottomnav_and_card_headerhome/client/components/ui/pagination.tsx(84,5): error TS2783: 'size' is specified more than once, so this usage will be overwritten.
sample files/ref_for_bottomnav_and_card_headerhome/client/components/ui/progress.tsx(2,36): error TS2307: Cannot find module '@radix-ui/react-progress' or its corresponding type declarations.
sample files/ref_for_bottomnav_and_card_headerhome/client/components/ui/radio-group.tsx(2,38): error TS2307: Cannot find module '@radix-ui/react-radio-group' or its corresponding type declarations.
sample files/ref_for_bottomnav_and_card_headerhome/client/components/ui/resizable.tsx(2,37): error TS2307: Cannot find module 'react-resizable-panels' or its corresponding type declarations.
sample files/ref_for_bottomnav_and_card_headerhome/client/components/ui/sidebar.tsx(3,10): error TS1484: 'VariantProps' is a type and must be imported using a type-only import when 'verbatimModuleSyntax' is enabled.
sample files/ref_for_bottomnav_and_card_headerhome/client/components/ui/sidebar.tsx(6,29): error TS2307: Cannot find module '@/hooks/use-mobile' or its corresponding type declarations.
sample files/ref_for_bottomnav_and_card_headerhome/client/components/ui/sidebar.tsx(9,23): error TS2307: Cannot find module '@/components/ui/input' or its corresponding type declarations.
sample files/ref_for_bottomnav_and_card_headerhome/client/components/ui/sidebar.tsx(10,27): error TS2307: Cannot find module '@/components/ui/separator' or its corresponding type declarations.
sample files/ref_for_bottomnav_and_card_headerhome/client/components/ui/sidebar.tsx(11,37): error TS2307: Cannot find module '@/components/ui/sheet' or its corresponding type declarations.
sample files/ref_for_bottomnav_and_card_headerhome/client/components/ui/sidebar.tsx(12,26): error TS2307: Cannot find module '@/components/ui/skeleton' or its corresponding type declarations.
sample files/ref_for_bottomnav_and_card_headerhome/client/components/ui/sidebar.tsx(18,8): error TS2307: Cannot find module '@/components/ui/tooltip' or its corresponding type declarations.
sample files/ref_for_bottomnav_and_card_headerhome/client/components/ui/slider.tsx(2,34): error TS2307: Cannot find module '@radix-ui/react-slider' or its corresponding type declarations.
sample files/ref_for_bottomnav_and_card_headerhome/client/components/ui/sonner.tsx(1,26): error TS2307: Cannot find module 'next-themes' or its corresponding type declarations.
sample files/ref_for_bottomnav_and_card_headerhome/client/components/ui/switch.tsx(2,35): error TS2307: Cannot find module '@radix-ui/react-switch' or its corresponding type declarations.
sample files/ref_for_bottomnav_and_card_headerhome/client/components/ui/toast.tsx(2,34): error TS2307: Cannot find module '@radix-ui/react-toast' or its corresponding type declarations.
sample files/ref_for_bottomnav_and_card_headerhome/client/components/ui/toaster.tsx(1,26): error TS2307: Cannot find module '@/hooks/use-toast' or its corresponding type declarations.
sample files/ref_for_bottomnav_and_card_headerhome/client/components/ui/toaster.tsx(9,8): error TS2307: Cannot find module '@/components/ui/toast' or its corresponding type declarations.
sample files/ref_for_bottomnav_and_card_headerhome/client/components/ui/toaster.tsx(16,31): error TS7031: Binding element 'id' implicitly has an 'any' type.
sample files/ref_for_bottomnav_and_card_headerhome/client/components/ui/toaster.tsx(16,35): error TS7031: Binding element 'title' implicitly has an 'any' type.
sample files/ref_for_bottomnav_and_card_headerhome/client/components/ui/toaster.tsx(16,42): error TS7031: Binding element 'description' implicitly has an 'any' type.
sample files/ref_for_bottomnav_and_card_headerhome/client/components/ui/toaster.tsx(16,55): error TS7031: Binding element 'action' implicitly has an 'any' type.
sample files/ref_for_bottomnav_and_card_headerhome/client/components/ui/toggle-group.tsx(2,39): error TS2307: Cannot find module '@radix-ui/react-toggle-group' or its corresponding type declarations.
sample files/ref_for_bottomnav_and_card_headerhome/client/components/ui/toggle-group.tsx(6,32): error TS2307: Cannot find module '@/components/ui/toggle' or its corresponding type declarations.
sample files/ref_for_bottomnav_and_card_headerhome/client/components/ui/toggle.tsx(2,34): error TS2307: Cannot find module '@radix-ui/react-toggle' or its corresponding type declarations.
sample files/ref_for_bottomnav_and_card_headerhome/client/components/ui/use-toast.ts(1,33): error TS2307: Cannot find module '@/hooks/use-toast' or its corresponding type declarations.
sample files/ref_for_bottomnav_and_card_headerhome/client/hooks/use-toast.ts(3,53): error TS2307: Cannot find module '@/components/ui/toast' or its corresponding type declarations.
sample files/ref_for_bottomnav_and_card_headerhome/client/hooks/use-toast.ts(155,22): error TS7006: Parameter 'open' implicitly has an 'any' type.
sample files/ref_for_bottomnav_and_card_headerhome/client/pages/Analytics.tsx(1,29): error TS2307: Cannot find module '@/components/PlaceholderPage' or its corresponding type declarations.
sample files/ref_for_bottomnav_and_card_headerhome/client/pages/Index.tsx(1,23): error TS2307: Cannot find module '@/components/AppLayout' or its corresponding type declarations.
sample files/ref_for_bottomnav_and_card_headerhome/client/pages/Index.tsx(2,24): error TS2307: Cannot find module '@/components/home/HomeHeader' or its corresponding type declarations.
sample files/ref_for_bottomnav_and_card_headerhome/client/pages/Index.tsx(3,25): error TS2307: Cannot find module '@/components/home/BalanceCard' or its corresponding type declarations.
sample files/ref_for_bottomnav_and_card_headerhome/client/pages/Index.tsx(4,26): error TS2307: Cannot find module '@/components/home/QuickActions' or its corresponding type declarations.
sample files/ref_for_bottomnav_and_card_headerhome/client/pages/Index.tsx(5,32): error TS2307: Cannot find module '@/components/home/RecentTransactions' or its corresponding type declarations.
sample files/ref_for_bottomnav_and_card_headerhome/client/pages/NotFound.tsx(1,29): error TS2307: Cannot find module 'react-router-dom' or its corresponding type declarations.
sample files/ref_for_bottomnav_and_card_headerhome/client/pages/Payments.tsx(1,29): error TS2307: Cannot find module '@/components/PlaceholderPage' or its corresponding type declarations.
sample files/ref_for_bottomnav_and_card_headerhome/client/pages/Profile.tsx(1,29): error TS2307: Cannot find module '@/components/PlaceholderPage' or its corresponding type declarations.
sample files/ref_for_bottomnav_and_card_headerhome/netlify/functions/api.ts(1,24): error TS2307: Cannot find module 'serverless-http' or its corresponding type declarations.
sample files/ref_for_bottomnav_and_card_headerhome/server/index.ts(2,21): error TS2307: Cannot find module 'express' or its corresponding type declarations.
sample files/ref_for_bottomnav_and_card_headerhome/server/index.ts(3,18): error TS2307: Cannot find module 'cors' or its corresponding type declarations.
sample files/ref_for_bottomnav_and_card_headerhome/server/index.ts(15,25): error TS7006: Parameter '_req' implicitly has an 'any' type.
sample files/ref_for_bottomnav_and_card_headerhome/server/index.ts(15,31): error TS7006: Parameter 'res' implicitly has an 'any' type.
sample files/ref_for_bottomnav_and_card_headerhome/server/node-build.ts(3,26): error TS2307: Cannot find module 'express' or its corresponding type declarations.
sample files/ref_for_bottomnav_and_card_headerhome/server/node-build.ts(16,15): error TS7006: Parameter 'req' implicitly has an 'any' type.
sample files/ref_for_bottomnav_and_card_headerhome/server/node-build.ts(16,20): error TS7006: Parameter 'res' implicitly has an 'any' type.
sample files/ref_for_bottomnav_and_card_headerhome/server/routes/demo.ts(1,32): error TS2307: Cannot find module 'express' or its corresponding type declarations.
sample files/ref_for_bottomnav_and_card_headerhome/server/routes/demo.ts(2,30): error TS2307: Cannot find module '@shared/api' or its corresponding type declarations.
sample files/ref_for_bottomnav_and_card_headerhome/server/routes/demo.ts(4,44): error TS6133: 'req' is declared but its value is never read.
sample files/ref_for_bottomnav_and_card_headerhome/server/routes/demo.ts(4,44): error TS7006: Parameter 'req' implicitly has an 'any' type.
sample files/ref_for_bottomnav_and_card_headerhome/server/routes/demo.ts(4,49): error TS7006: Parameter 'res' implicitly has an 'any' type.
sample files/ref_for_bottomnav_and_card_headerhome/tailwind.config.ts(4,3): error TS2322: Type '["class"]' is not assignable to type 'DarkModeStrategy | undefined'.
  Type '["class"]' is not assignable to type '["class", string]'.
    Source has 1 element(s) but target requires 2.
sample files/ref_for_bottomnav_and_card_headerhome/vite.config.ts(1,24): error TS1484: 'Plugin' is a type and must be imported using a type-only import when 'verbatimModuleSyntax' is enabled.
sample files/ref_for_bottomnav_and_card_headerhome/vite.config.ts(7,30): error TS6133: 'mode' is declared but its value is never read.
